2026-09-20 03:57:18,302 | INFO | Running pipeline
2026-09-20 03:57:18,302 | INFO | Loading data from data\raw\students_raw.csv
2026-09-20 03:57:18,303 | ERROR | Pipeline failed: File not found: data\raw\students_raw.csv
Traceback (most recent call last):
  File "C:\Users\Marwan\student_data_pipeline\src\pipeline.py", line 145, in run_pipeline
    df = load_data(RAW_FIILE)
  File "C:\Users\Marwan\student_data_pipeline\src\pipeline.py", line 53, in load_data
    raise FileNotFoundError(f"File not found: {file_path}")
FileNotFoundError: File not found: data\raw\students_raw.csv
2026-09-20 03:58:34,342 | INFO | Running pipeline
2026-09-20 03:58:34,343 | INFO | Loading data from data\raw\students_raw.csv
2026-09-20 03:58:34,343 | ERROR | Pipeline failed: File not found: data\raw\students_raw.csv
Traceback (most recent call last):
  File "C:\Users\Marwan\student_data_pipeline\src\pipeline.py", line 145, in run_pipeline
    df = load_data(RAW_FILE)
  File "C:\Users\Marwan\student_data_pipeline\src\pipeline.py", line 53, in load_data
    raise FileNotFoundError(f"File not found: {file_path}")
FileNotFoundError: File not found: data\raw\students_raw.csv
2026-09-20 04:10:26,224 | INFO | Running pipeline
2026-09-20 04:10:26,224 | INFO | Loading data from data\raw\students_raw.csv
2026-09-20 04:10:26,224 | ERROR | Pipeline failed: File not found: data\raw\students_raw.csv
Traceback (most recent call last):
  File "C:\Users\Marwan\student_data_pipeline\src\pipeline.py", line 145, in run_pipeline
    df = load_data(RAW_FILE)
  File "C:\Users\Marwan\student_data_pipeline\src\pipeline.py", line 53, in load_data
    raise FileNotFoundError(f"File not found: {file_path}")
FileNotFoundError: File not found: data\raw\students_raw.csv
2026-09-20 04:20:41,778 | INFO | pipeline started
2026-09-20 04:20:41,779 | INFO | Loading data from data\raw\students_raw.csv
2026-09-20 04:20:41,779 | ERROR | Pipeline failed: File not found: data\raw\students_raw.csv
Traceback (most recent call last):
  File "C:\Users\Marwan\student_data_pipeline\src\pipeline.py", line 145, in run_pipeline
    df = load_data(RAW_FILE)
  File "C:\Users\Marwan\student_data_pipeline\src\pipeline.py", line 53, in load_data
    raise FileNotFoundError(f"File not found: {file_path}")
FileNotFoundError: File not found: data\raw\students_raw.csv
2026-09-20 04:30:38,364 | INFO | pipeline started
2026-09-20 04:30:38,364 | INFO | Loading data from data\raw\students_raw.csv
2026-09-20 04:30:38,365 | ERROR | Pipeline failed: File not found: data\raw\students_raw.csv
Traceback (most recent call last):
  File "C:\Users\Marwan\student_data_pipeline\src\pipeline.py", line 145, in run_pipeline
    df = load_data(RAW_FILE)
  File "C:\Users\Marwan\student_data_pipeline\src\pipeline.py", line 53, in load_data
    raise FileNotFoundError(f"File not found: {file_path}")
FileNotFoundError: File not found: data\raw\students_raw.csv
2026-09-20 04:32:44,163 | INFO | pipeline started
2026-09-20 04:32:44,163 | INFO | Loading data from \data\raw\students_raw.csv
2026-09-20 04:32:44,163 | ERROR | Pipeline failed: File not found: \data\raw\students_raw.csv
Traceback (most recent call last):
  File "C:\Users\Marwan\student_data_pipeline\src\pipeline.py", line 145, in run_pipeline
    df = load_data(RAW_FILE)
  File "C:\Users\Marwan\student_data_pipeline\src\pipeline.py", line 53, in load_data
    raise FileNotFoundError(f"File not found: {file_path}")
FileNotFoundError: File not found: \data\raw\students_raw.csv
2026-09-20 04:44:22,417 | INFO | pipeline started
2026-09-20 04:44:22,418 | INFO | Loading data from data\raw\students_raw.csv
2026-09-20 04:44:22,418 | ERROR | Pipeline failed: File not found: data\raw\students_raw.csv
Traceback (most recent call last):
  File "C:\Users\Marwan\student_data_pipeline\src\pipeline.py", line 145, in run_pipeline
    df = load_data(RAW_FILE)
  File "C:\Users\Marwan\student_data_pipeline\src\pipeline.py", line 53, in load_data
    raise FileNotFoundError(f"File not found: {file_path}")
FileNotFoundError: File not found: data\raw\students_raw.csv
2026-09-20 22:52:00,493 | INFO | pipeline started
2026-09-20 22:52:00,493 | INFO | Loading data from API: https://6ab0307fee9c55c910bf96b0.mockapi.io/api/v1/students
2026-09-20 22:52:00,505 | ERROR | Pipeline failed: HTTPSConnectionPool(host='6ab0307fee9c55c910bf96b0.mockapi.io', port=443): Max retries exceeded with url: /api/v1/students (Caused by NameResolutionError("HTTPSConnection(host='6ab0307fee9c55c910bf96b0.mockapi.io', port=443): Failed to resolve '6ab0307fee9c55c910bf96b0.mockapi.io' ([Errno 11001] getaddrinfo failed)"))
Traceback (most recent call last):
  File "C:\Users\Marwan\student_data_pipeline\.venv\Lib\site-packages\urllib3\connection.py", line 239, in _new_conn
    sock = connection.create_connection(
        (self._dns_host, self.port),
    ...<2 lines>...
        socket_options=self.socket_options,
    )
  File "C:\Users\Marwan\student_data_pipeline\.venv\Lib\site-packages\urllib3\util\connection.py", line 60, in create_connection
    for res in socket.getaddrinfo(host, port, family, socket.SOCK_STREAM):
               ~~~~~~~~~~~~~~~~~~^^^^^^^^^^^^^^^^^^^^^^^^^^^^^^^^^^^^^^^^
  File "C:\Users\Marwan\AppData\Local\Programs\Python\Python313\Lib\socket.py", line 977, in getaddrinfo
    for res in _socket.getaddrinfo(host, port, family, type, proto, flags):
               ~~~~~~~~~~~~~~~~~~~^^^^^^^^^^^^^^^^^^^^^^^^^^^^^^^^^^^^^^^^
socket.gaierror: [Errno 11001] getaddrinfo failed

The above exception was the direct cause of the following exception:

Traceback (most recent call last):
  File "C:\Users\Marwan\student_data_pipeline\.venv\Lib\site-packages\urllib3\connectionpool.py", line 793, in urlopen
    response = self._make_request(
        conn,
    ...<10 lines>...
        **response_kw,
    )
  File "C:\Users\Marwan\student_data_pipeline\.venv\Lib\site-packages\urllib3\connectionpool.py", line 494, in _make_request
    raise new_e
  File "C:\Users\Marwan\student_data_pipeline\.venv\Lib\site-packages\urllib3\connectionpool.py", line 470, in _make_request
    self._validate_conn(conn)
    ~~~~~~~~~~~~~~~~~~~^^^^^^
  File "C:\Users\Marwan\student_data_pipeline\.venv\Lib\site-packages\urllib3\connectionpool.py", line 1125, in _validate_conn
    conn.connect()
    ~~~~~~~~~~~~^^
  File "C:\Users\Marwan\student_data_pipeline\.venv\Lib\site-packages\urllib3\connection.py", line 827, in connect
    self.sock = sock = self._new_conn()
                       ~~~~~~~~~~~~~~^^
  File "C:\Users\Marwan\student_data_pipeline\.venv\Lib\site-packages\urllib3\connection.py", line 246, in _new_conn
    raise NameResolutionError(self.host, self, e) from e
urllib3.exceptions.NameResolutionError: HTTPSConnection(host='6ab0307fee9c55c910bf96b0.mockapi.io', port=443): Failed to resolve '6ab0307fee9c55c910bf96b0.mockapi.io' ([Errno 11001] getaddrinfo failed)

The above exception was the direct cause of the following exception:

Traceback (most recent call last):
  File "C:\Users\Marwan\student_data_pipeline\.venv\Lib\site-packages\requests\adapters.py", line 696, in send
    resp = conn.urlopen(
        method=request.method,
    ...<9 lines>...
        chunked=chunked,
    )
  File "C:\Users\Marwan\student_data_pipeline\.venv\Lib\site-packages\urllib3\connectionpool.py", line 847, in urlopen
    retries = retries.increment(
        method, url, error=new_e, _pool=self, _stacktrace=sys.exc_info()[2]
    )
  File "C:\Users\Marwan\student_data_pipeline\.venv\Lib\site-packages\urllib3\util\retry.py", line 555, in increment
    raise MaxRetryError(_pool, url, reason) from reason  # type: ignore[arg-type]
    ^^^^^^^^^^^^^^^^^^^^^^^^^^^^^^^^^^^^^^^^^^^^^^^^^^^
urllib3.exceptions.MaxRetryError: HTTPSConnectionPool(host='6ab0307fee9c55c910bf96b0.mockapi.io', port=443): Max retries exceeded with url: /api/v1/students (Caused by NameResolutionError("HTTPSConnection(host='6ab0307fee9c55c910bf96b0.mockapi.io', port=443): Failed to resolve '6ab0307fee9c55c910bf96b0.mockapi.io' ([Errno 11001] getaddrinfo failed)"))

During handling of the above exception, another exception occurred:

Traceback (most recent call last):
  File "C:\Users\Marwan\student_data_pipeline\src\pipeline.py", line 151, in run_pipeline
    df = load_data(API_URL)
  File "C:\Users\Marwan\student_data_pipeline\src\pipeline.py", line 55, in load_data
    response = requests.get(api_url, timeout=30)
  File "C:\Users\Marwan\student_data_pipeline\.venv\Lib\site-packages\requests\api.py", line 87, in get
    return request("get", url, params=params, **kwargs)
  File "C:\Users\Marwan\student_data_pipeline\.venv\Lib\site-packages\requests\api.py", line 71, in request
    return session.request(method=method, url=url, **kwargs)
           ~~~~~~~~~~~~~~~^^^^^^^^^^^^^^^^^^^^^^^^^^^^^^^^^^
  File "C:\Users\Marwan\student_data_pipeline\.venv\Lib\site-packages\requests\sessions.py", line 651, in request
    resp = self.send(prep, **send_kwargs)
  File "C:\Users\Marwan\student_data_pipeline\.venv\Lib\site-packages\requests\sessions.py", line 784, in send
    r = adapter.send(request, **kwargs)
  File "C:\Users\Marwan\student_data_pipeline\.venv\Lib\site-packages\requests\adapters.py", line 729, in send
    raise ConnectionError(e, request=request)
requests.exceptions.ConnectionError: HTTPSConnectionPool(host='6ab0307fee9c55c910bf96b0.mockapi.io', port=443): Max retries exceeded with url: /api/v1/students (Caused by NameResolutionError("HTTPSConnection(host='6ab0307fee9c55c910bf96b0.mockapi.io', port=443): Failed to resolve '6ab0307fee9c55c910bf96b0.mockapi.io' ([Errno 11001] getaddrinfo failed)"))
2026-09-20 23:16:02,026 | INFO | pipeline started
2026-09-20 23:16:02,026 | INFO | Loading data from API: https://6ab0307fee9c55c910bf96b0.mockapi.io/api/v1/students
2026-09-20 23:16:04,704 | INFO | Loaded 66 rows 7 columns
2026-09-20 23:16:04,774 | INFO | Saved data to data\processed\students_ml_ready.csv
2026-09-20 23:16:04,774 | INFO | Completed successfully
2026-09-20 23:27:13,047 | INFO | pipeline started
2026-09-20 23:27:13,047 | INFO | Loading data from API: https://6ab0307fee9c55c910bf96b0.mockapi.io/api/v1/students
2026-09-20 23:27:15,125 | INFO | Loaded 66 rows 7 columns
2026-09-20 23:27:15,187 | INFO | Saved data to data\processed\students_ml_ready.csv
2026-09-20 23:27:15,187 | INFO | Completed successfully
2026-09-20 23:32:59,655 | INFO | pipeline started
2026-09-20 23:32:59,655 | INFO | Loading data from API: https://6ab0307fee9c55c910bf96b0.mockapi.io/api/v1/students
2026-09-20 23:33:01,671 | INFO | Loaded 66 rows 7 columns
2026-09-20 23:33:01,698 | INFO | Saved data to C:\Users\Marwan\student_data_pipeline\src\data\processed\students_ml_ready.csv
2026-09-20 23:33:01,698 | INFO | Completed successfully
